G:\>dir
 Том в устройстве G не имеет метки.
 Серийный номер тома: 983C-0473

 Содержимое папки G:\

06.04.2024  09:21    <DIR>          diplom
10.04.2024  17:40    <DIR>          бельчич
06.04.2024  11:32    <DIR>          на печать
               0 файлов              0 байт
               3 папок  63 159 316 480 байт свободно

G:\>cd бельчич

G:\бельчич>dir
 Том в устройстве G не имеет метки.
 Серийный номер тома: 983C-0473

 Содержимое папки G:\бельчич

10.04.2024  17:40    <DIR>          .
10.04.2024  17:40    <DIR>          ..
09.04.2024  18:26    <DIR>          1
10.04.2024  17:38    <DIR>          2
10.04.2024  21:35    <DIR>          3
10.04.2024  17:40    <DIR>          4
               0 файлов              0 байт
               6 папок  63 159 316 480 байт свободно

G:\бельчич>cd 3

G:\бельчич\3>dir
 Том в устройстве G не имеет метки.
 Серийный номер тома: 983C-0473

 Содержимое папки G:\бельчич\3

10.04.2024  21:35    <DIR>          .
10.04.2024  21:35    <DIR>          ..
10.04.2024  21:43    <DIR>          git
29.03.2024  18:11         1 448 231 Практика_Git.docx
16.03.2024  10:21           196 929 Снимок экрана 2024-03-16 102146.png
               2 файлов      1 645 160 байт
               3 папок  63 159 316 480 байт свободно

G:\бельчич\3>cd git

G:\бельчич\3\git>dir
 Том в устройстве G не имеет метки.
 Серийный номер тома: 983C-0473

 Содержимое папки G:\бельчич\3\git

10.04.2024  21:43    <DIR>          .
10.04.2024  21:43    <DIR>          ..
10.04.2024  21:39    <DIR>          admin
10.04.2024  21:40    <DIR>          bin
10.04.2024  21:40    <DIR>          config
10.04.2024  21:39                 0 file.txt
               1 файлов              0 байт
               5 папок  63 159 316 480 байт свободно

G:\бельчич\3\git>type nul > .gitignore

G:\бельчич\3\git>dir
 Том в устройстве G не имеет метки.
 Серийный номер тома: 983C-0473

 Содержимое папки G:\бельчич\3\git

10.04.2024  21:46    <DIR>          .
10.04.2024  21:46    <DIR>          ..
10.04.2024  21:46                 0 .gitignore
10.04.2024  21:39    <DIR>          admin
10.04.2024  21:40    <DIR>          bin
10.04.2024  21:40    <DIR>          config
10.04.2024  21:39                 0 file.txt
               2 файлов              0 байт
               5 папок  63 159 316 480 байт свободно

G:\бельчич\3\git>car .gitignore
"car" не является внутренней или внешней
командой, исполняемой программой или пакетным файлом.

G:\бельчич\3\git>cat .gitignore
"cat" не является внутренней или внешней
командой, исполняемой программой или пакетным файлом.

G:\бельчич\3\git> .gitignore

G:\бельчич\3\git>git
usage: git [-v | --version] [-h | --help] [-C <path>] [-c <name>=<value>]
           [--exec-path[=<path>]] [--html-path] [--man-path] [--info-path]
           [-p | --paginate | -P | --no-pager] [--no-replace-objects] [--bare]
           [--git-dir=<path>] [--work-tree=<path>] [--namespace=<name>]
           [--config-env=<name>=<envvar>] <command> [<args>]

These are common Git commands used in various situations:

start a working area (see also: git help tutorial)
   clone     Clone a repository into a new directory
   init      Create an empty Git repository or reinitialize an existing one

work on the current change (see also: git help everyday)
   add       Add file contents to the index
   mv        Move or rename a file, a directory, or a symlink
   restore   Restore working tree files
   rm        Remove files from the working tree and from the index

examine the history and state (see also: git help revisions)
   bisect    Use binary search to find the commit that introduced a bug
   diff      Show changes between commits, commit and working tree, etc
   grep      Print lines matching a pattern
   log       Show commit logs
   show      Show various types of objects
   status    Show the working tree status

grow, mark and tweak your common history
   branch    List, create, or delete branches
   commit    Record changes to the repository
   merge     Join two or more development histories together
   rebase    Reapply commits on top of another base tip
   reset     Reset current HEAD to the specified state
   switch    Switch branches
   tag       Create, list, delete or verify a tag object signed with GPG

collaborate (see also: git help workflows)
   fetch     Download objects and refs from another repository
   pull      Fetch from and integrate with another repository or a local branch
   push      Update remote refs along with associated objects

'git help -a' and 'git help -g' list available subcommands and some
concept guides. See 'git help <command>' or 'git help <concept>'
to read about a specific subcommand or concept.
See 'git help git' for an overview of the system.

G:\бельчич\3\git>git init
Initialized empty Git repository in G:/бельчич/3/git/.git/

G:\бельчич\3\git>git status
On branch master

No commits yet

Untracked files:
  (use "git add <file>..." to include in what will be committed)
        .gitignore

nothing added to commit but untracked files present (use "git add" to track)

G:\бельчич\3\git>git add .

G:\бельчич\3\git>git status
On branch master

No commits yet

Changes to be committed:
  (use "git rm --cached <file>..." to unstage)
        new file:   .gitignore


G:\бельчич\3\git>git checkout
fatal: You are on a branch yet to be born

G:\бельчич\3\git>git branch

G:\бельчич\3\git>git status
On branch master

No commits yet

Changes to be committed:
  (use "git rm --cached <file>..." to unstage)
        new file:   .gitignore


G:\бельчич\3\git>.gitignore

G:\бельчич\3\git>git branch second
fatal: not a valid object name: 'master'

G:\бельчич\3\git>git branch

G:\бельчич\3\git>git branch -m
fatal: branch name required

G:\бельчич\3\git>git branch second
fatal: not a valid object name: 'master'

G:\бельчич\3\git>git status
On branch master

No commits yet

Changes to be committed:
  (use "git rm --cached <file>..." to unstage)
        new file:   .gitignore

Untracked files:
  (use "git add <file>..." to include in what will be committed)
        Main.java


G:\бельчич\3\git>git add /
fatal: /: '/' is outside repository at 'G:/бельчич/3/git'

G:\бельчич\3\git>git add .

G:\бельчич\3\git>git add /
fatal: /: '/' is outside repository at 'G:/бельчич/3/git'

G:\бельчич\3\git>git status
On branch master

No commits yet

Changes to be committed:
  (use "git rm --cached <file>..." to unstage)
        new file:   .gitignore
        new file:   Main.java


G:\бельчич\3\git>git branch

G:\бельчич\3\git>git branch second
fatal: not a valid object name: 'master'

G:\бельчич\3\git>git commit -m "first commit"
[master (root-commit) c79b9f5] first commit
 2 files changed, 9 insertions(+)
 create mode 100644 .gitignore
 create mode 100644 Main.java

G:\бельчич\3\git>git branch
* master

G:\бельчич\3\git>git branch second

G:\бельчич\3\git>git branch
* master
  second

G:\бельчич\3\git>git checkout second
Switched to branch 'second'

G:\бельчич\3\git>git branch
  master
* second

G:\бельчич\3\git>dir
 Том в устройстве G не имеет метки.
 Серийный номер тома: 983C-0473

 Содержимое папки G:\бельчич\3\git

10.04.2024  21:57    <DIR>          .
10.04.2024  21:57    <DIR>          ..
10.04.2024  21:47                28 .gitignore
10.04.2024  21:39    <DIR>          admin
10.04.2024  21:40    <DIR>          bin
10.04.2024  21:40    <DIR>          config
10.04.2024  21:39                 0 file.txt
10.04.2024  21:59               106 Main.java
               3 файлов            134 байт
               5 папок  63 159 255 040 байт свободно

G:\бельчич\3\git>git status
On branch second
nothing to commit, working tree clean

G:\бельчич\3\git>git status
On branch second
Untracked files:
  (use "git add <file>..." to include in what will be committed)
        MainForSecond.java

nothing added to commit but untracked files present (use "git add" to track)

G:\бельчич\3\git>git add .

G:\бельчич\3\git>git status
On branch second
Changes to be committed:
  (use "git restore --staged <file>..." to unstage)
        new file:   MainForSecond.java


G:\бельчич\3\git>dir
 Том в устройстве G не имеет метки.
 Серийный номер тома: 983C-0473

 Содержимое папки G:\бельчич\3\git

10.04.2024  22:04    <DIR>          .
10.04.2024  22:04    <DIR>          ..
10.04.2024  21:47                28 .gitignore
10.04.2024  21:39    <DIR>          admin
10.04.2024  21:40    <DIR>          bin
10.04.2024  21:40    <DIR>          config
10.04.2024  21:39                 0 file.txt
10.04.2024  21:59               106 Main.java
10.04.2024  21:59               106 MainForSecond.java
               4 файлов            240 байт
               5 папок  63 159 255 040 байт свободно

G:\бельчич\3\git>git switch master
Switched to branch 'master'
A       MainForSecond.java

G:\бельчич\3\git>dir
 Том в устройстве G не имеет метки.
 Серийный номер тома: 983C-0473

 Содержимое папки G:\бельчич\3\git

10.04.2024  22:04    <DIR>          .
10.04.2024  22:04    <DIR>          ..
10.04.2024  21:47                28 .gitignore
10.04.2024  21:39    <DIR>          admin
10.04.2024  21:40    <DIR>          bin
10.04.2024  21:40    <DIR>          config
10.04.2024  21:39                 0 file.txt
10.04.2024  21:59               106 Main.java
10.04.2024  21:59               106 MainForSecond.java
               4 файлов            240 байт
               5 папок  63 159 255 040 байт свободно

G:\бельчич\3\git>git status
On branch master
Changes to be committed:
  (use "git restore --staged <file>..." to unstage)
        new file:   MainForSecond.java


G:\бельчич\3\git>git branch
* master
  second

G:\бельчич\3\git>git checkout second
Switched to branch 'second'
A       MainForSecond.java

G:\бельчич\3\git>git branch
  master
* second

G:\бельчич\3\git>dir
 Том в устройстве G не имеет метки.
 Серийный номер тома: 983C-0473

 Содержимое папки G:\бельчич\3\git

10.04.2024  22:04    <DIR>          .
10.04.2024  22:04    <DIR>          ..
10.04.2024  21:47                28 .gitignore
10.04.2024  21:39    <DIR>          admin
10.04.2024  21:40    <DIR>          bin
10.04.2024  21:40    <DIR>          config
10.04.2024  21:39                 0 file.txt
10.04.2024  21:59               106 Main.java
10.04.2024  21:59               106 MainForSecond.java
               4 файлов            240 байт
               5 папок  63 159 255 040 байт свободно

G:\бельчич\3\git>git status
On branch second
Changes to be committed:
  (use "git restore --staged <file>..." to unstage)
        new file:   MainForSecond.java


G:\бельчич\3\git>git commit -m "Second"
[second 069f31d] Second
 1 file changed, 5 insertions(+)
 create mode 100644 MainForSecond.java

G:\бельчич\3\git>dir
 Том в устройстве G не имеет метки.
 Серийный номер тома: 983C-0473

 Содержимое папки G:\бельчич\3\git

10.04.2024  22:04    <DIR>          .
10.04.2024  22:04    <DIR>          ..
10.04.2024  21:47                28 .gitignore
10.04.2024  21:39    <DIR>          admin
10.04.2024  21:40    <DIR>          bin
10.04.2024  21:40    <DIR>          config
10.04.2024  21:39                 0 file.txt
10.04.2024  21:59               106 Main.java
10.04.2024  21:59               106 MainForSecond.java
               4 файлов            240 байт
               5 папок  63 159 250 944 байт свободно

G:\бельчич\3\git>git status
On branch second
nothing to commit, working tree clean

G:\бельчич\3\git>git checkout master
Switched to branch 'master'

G:\бельчич\3\git>dir
 Том в устройстве G не имеет метки.
 Серийный номер тома: 983C-0473

 Содержимое папки G:\бельчич\3\git

10.04.2024  22:06    <DIR>          .
10.04.2024  22:06    <DIR>          ..
10.04.2024  21:47                28 .gitignore
10.04.2024  21:39    <DIR>          admin
10.04.2024  21:40    <DIR>          bin
10.04.2024  21:40    <DIR>          config
10.04.2024  21:39                 0 file.txt
10.04.2024  21:59               106 Main.java
               3 файлов            134 байт
               5 папок  63 159 250 944 байт свободно

G:\бельчич\3\git>git status
On branch master
nothing to commit, working tree clean

G:\бельчич\3\git>git branch
* master
  second

G:\бельчич\3\git>dir
 Том в устройстве G не имеет метки.
 Серийный номер тома: 983C-0473

 Содержимое папки G:\бельчич\3\git

10.04.2024  22:06    <DIR>          .
10.04.2024  22:06    <DIR>          ..
10.04.2024  21:47                28 .gitignore
10.04.2024  21:39    <DIR>          admin
10.04.2024  21:40    <DIR>          bin
10.04.2024  21:40    <DIR>          config
10.04.2024  21:39                 0 file.txt
10.04.2024  21:59               106 Main.java
               3 файлов            134 байт
               5 папок  63 159 250 944 байт свободно

G:\бельчич\3\git>git checkout second
Switched to branch 'second'

G:\бельчич\3\git>git stTUS
git: 'stTUS' is not a git command. See 'git --help'.

G:\бельчич\3\git>GIT STATUS
git: 'STATUS' is not a git command. See 'git --help'.

G:\бельчич\3\git>git status
On branch second
Untracked files:
  (use "git add <file>..." to include in what will be committed)
        blog/

nothing added to commit but untracked files present (use "git add" to track)

G:\бельчич\3\git>git add .

G:\бельчич\3\git>git status
On branch second
Changes to be committed:
  (use "git restore --staged <file>..." to unstage)
        new file:   blog/index.html
        new file:   blog/index.js


G:\бельчич\3\git>git branch
  master
* second

G:\бельчич\3\git>dir
 Том в устройстве G не имеет метки.
 Серийный номер тома: 983C-0473

 Содержимое папки G:\бельчич\3\git

10.04.2024  22:07    <DIR>          .
10.04.2024  22:07    <DIR>          ..
10.04.2024  21:47                28 .gitignore
10.04.2024  21:39    <DIR>          admin
10.04.2024  21:40    <DIR>          bin
10.04.2024  22:07    <DIR>          blog
10.04.2024  21:40    <DIR>          config
10.04.2024  21:39                 0 file.txt
10.04.2024  21:59               106 Main.java
10.04.2024  22:06               106 MainForSecond.java
               4 файлов            240 байт
               6 папок  63 159 250 944 байт свободно

G:\бельчич\3\git>git switch master
Switched to branch 'master'
A       blog/index.html
A       blog/index.js

G:\бельчич\3\git>git switch second
Switched to branch 'second'
A       blog/index.html
A       blog/index.js

G:\бельчич\3\git>git commit -m "third"
[second 033fb41] third
 2 files changed, 0 insertions(+), 0 deletions(-)
 create mode 100644 blog/index.html
 create mode 100644 blog/index.js

G:\бельчич\3\git>git switch master
Switched to branch 'master'

G:\бельчич\3\git>git merge second
Updating c79b9f5..033fb41
Fast-forward
 MainForSecond.java | 5 +++++
 blog/index.html    | 0
 blog/index.js      | 0
 3 files changed, 5 insertions(+)
 create mode 100644 MainForSecond.java
 create mode 100644 blog/index.html
 create mode 100644 blog/index.js

G:\бельчич\3\git>git branch -D second
Deleted branch second (was 033fb41).

G:\бельчич\3\git>git branch
* master

G:\бельчич\3\git>dir
 Том в устройстве G не имеет метки.
 Серийный номер тома: 983C-0473

 Содержимое папки G:\бельчич\3\git

10.04.2024  22:12    <DIR>          .
10.04.2024  22:12    <DIR>          ..
10.04.2024  21:47                28 .gitignore
10.04.2024  21:39    <DIR>          admin
10.04.2024  21:40    <DIR>          bin
10.04.2024  22:12    <DIR>          blog
10.04.2024  21:40    <DIR>          config
10.04.2024  21:39                 0 file.txt
10.04.2024  21:59               106 Main.java
10.04.2024  22:12               106 MainForSecond.java
               4 файлов            240 байт
               6 папок  63 158 988 800 байт свободно

G:\бельчич\3\git>git push
fatal: No configured push destination.
Either specify the URL from the command-line or configure a remote repository using

    git remote add <name> <url>

and then push using the remote name

    git push <name>


G:\бельчич\3\git>git config --global user.name "shipkovandrej"

G:\бельчич\3\git>git config --global user.email "shipkovandrej@yandex.ru"

G:\бельчич\3\git>git remote add origin https://github.com/shipkovandrej/poks_44_Belchich.git

G:\бельчич\3\git>git push -u origin master
Enumerating objects: 10, done.
Counting objects: 100% (10/10), done.
Delta compression using up to 4 threads
Compressing objects: 100% (8/8), done.
Writing objects: 100% (10/10), 813 bytes | 813.00 KiB/s, done.
Total 10 (delta 2), reused 0 (delta 0), pack-reused 0
remote: Resolving deltas: 100% (2/2), done.
To https://github.com/shipkovandrej/poks_44_Belchich.git
 * [new branch]      master -> master
branch 'master' set up to track 'origin/master'.

G:\бельчич\3\git>dir
 Том в устройстве G не имеет метки.
 Серийный номер тома: 983C-0473

 Содержимое папки G:\бельчич\3\git

10.04.2024  22:12    <DIR>          .
10.04.2024  22:12    <DIR>          ..
10.04.2024  21:47                28 .gitignore
10.04.2024  21:39    <DIR>          admin
10.04.2024  21:40    <DIR>          bin
10.04.2024  22:12    <DIR>          blog
10.04.2024  21:40    <DIR>          config
10.04.2024  21:39                 0 file.txt
10.04.2024  21:59               106 Main.java
10.04.2024  22:12               106 MainForSecond.java
               4 файлов            240 байт
               6 папок  63 158 988 800 байт свободно

G:\бельчич\3\git>.gitignore

G:\бельчич\3\git>git status
On branch master
Your branch is up to date with 'origin/master'.

Changes not staged for commit:
  (use "git add <file>..." to update what will be committed)
  (use "git restore <file>..." to discard changes in working directory)
        modified:   .gitignore

Untracked files:
  (use "git add <file>..." to include in what will be committed)
        file.txt

no changes added to commit (use "git add" and/or "git commit -a")

G:\бельчич\3\git>file.txt

G:\бельчич\3\git>